Golden    963327662 18 12 cc  kf    -     -        10000  974    0 
Golden    963327783 17 11 c   k     kf    -         9026  150    0 
Golden    963327846 17 10 f   -     -     -         8876    0    0 
Golden    963327908 17  9 c   b     c     cA        8876 8876    0 7s 5d
