Golden    968958721 14  1 Bc  k     kf    -        10000   50    0 
Golden    968958886 14 14 f   -     -     -         9950    0    0 
Golden    968958947 12 11 f   -     -     -         9950    0    0 
Golden    968959031 12 10 c   c     f     -         9950 1225    0 
Golden    968959139 11  8 f   -     -     -         8725    0    0 
Golden    968959201 11  7 f   -     -     -         8725    0    0 
Golden    968959276 11  6 f   -     -     -         8725    0    0 
Golden    968959410 11  5 f   -     -     -         8725    0    0 
Golden    968959468 11  4 f   -     -     -         8725    0    0 
Golden    968959538 11  3 f   -     -     -         8725    0    0 
Golden    968959601 10  1 Bc  kf    -     -         8725  800    0 
Golden    968959669  9  1 Bf  -     -     -         7925  100    0 
Golden    968959821  9  9 c   b     -     -         7825  900 1400 
Golden    968959890  9  8 f   -     -     -         8325    0    0 
Golden    968959965  8  6 c   f     -     -         8325 1200    0 
Golden    968960026  8  6 r   -     -     -         7125 1400 2000 
Golden    968960054  8  5 f   -     -     -         7725    0    0 
Golden    968960094  8  4 r   b     -     -         7725 7000 11200 
Golden    968960131  8  3 f   -     -     -        11925    0    0 
Golden    968960163  8  2 Br  bA    -     -        11925 11925 14025 
Golden    968960202  8  1 Br  b     b     -        14025 10800 18875 5c 5h
Golden    968960238  7  7 f   -     -     -        22100    0    0 
Golden    968960401  7  7 c   b     -     -        22100 2800 4000 
Golden    968960426  7  6 rc  -     -     -        23300 9625 20450 2h 2d
Golden    968960463  6  4 f   -     -     -        34125    0    0 
Golden    968960509  6  3 f   -     -     -        34125    0    0 
Golden    968960526  6  2 Bk  k     k     k        34125  800    0 5s 8h
Golden    968960565  6  1 Bf  -     -     -        33325  400    0 
Golden    968960596  5  5 f   -     -     -        32925    0    0 
Golden    968960624  5  5 c   k     k     k        32925 2800    0 2c Kc
Golden    968960655  5  4 r   b     -     -        30125 11200 16800 
Golden    968960704  5  3 r   -     -     -        35725 2800 4000 
Golden    968960718  5  2 Bf  -     -     -        36925  800    0 
Golden    968960744  5  1 Bf  -     -     -        36125  400    0 
Golden    968960774  5  5 r   bA    -     -        35725 35725 45325 
Golden    968960809  5  4 f   -     -     -        45325    0    0 
Golden    968960823  5  3 f   -     -     -        45325    0    0 
Golden    968960842  5  2 Bk  k     b     -        45325 6400 9600 
Golden    968960894  5  1 Bf  -     -     -        48525  800    0 
Golden    968960997  5  5 f   -     -     -        47725    0    0 
Golden    968961020  5  4 f   -     -     -        47725    0    0 
Golden    968961039  5  3 f   -     -     -        47725    0    0 
Golden    968961067  5  2 Bc  kf    -     -        47725 5600    0 
Golden    968961117  5  1 Br  -     -     -        42125 4800 6400 
Golden    968961130  5  5 f   -     -     -        43725    0    0 
Golden    968961170  5  4 r   -     -     -        43725 11200 16000 
Golden    968961185  5  3 r   -     -     -        48525 11200 16000 
Golden    968961200  5  2 B   -     -     -        53325 3200 4800 
Golden    968961214  5  1 Bf  -     -     -        54925 1600    0 
Golden    968961247  4  4 r   k     b     -        53325 28800 38400 
Golden    968961280  4  4 f   -     -     -        62925    0    0 
Golden    968961332  3  3 r   -     -     -        62925 11200 16000 
Golden    968961351  3  2 Bf  -     -     -        67725 3200    0 
Golden    968961361  3  1 Bc  b     -     -        64525 9600 12800 
Golden    968961375  3  3 f   -     -     -        67725    0    0 
Golden    968961381  3  2 Bf  -     -     -        67725 3200    0 
Golden    968961386  3  1 Brc bA    -     -        64525 64525 9925 Kh 6h
Golden    968961401  3  3 f   -     -     -         9925    0    0 
Golden    968961412  3  2 Bk  bA    -     -         9925 9925 14725 
Golden    968961430  3  1 Br  bA    -     -        14725 14725    0 Kh 7h
