Golden    961067828 13  6 cc  k     kf    -         5000  275    0 
Golden    961067904 13  5 f   -     -     -         4725    0    0 
Golden    961067945 13  4 f   -     -     -         4725    0    0 
Golden    961067981 13  3 f   -     -     -         4725    0    0 
Golden    961068078 13  2 Bk  kf    -     -         4725   50    0 
Golden    961068113 13  1 Bcf -     -     -         4675  225    0 
Golden    961068149 12 12 c   k     f     -         4450   50    0 
Golden    961068227 12 11 f   -     -     -         4400    0    0 
Golden    961068299 12 10 c   b     c     -         4400 4163 11226 6d 6s
Golden    961068423 11  8 c   k     f     -        11463  100    0 
Golden    961068473 11  7 f   -     -     -        11363    0    0 
Golden    961068645 11  6 f   -     -     -        11363    0    0 
Golden    961068694 11  5 f   -     -     -        11363    0    0 
Golden    961068765 11  4 f   -     -     -        11363    0    0 
Golden    961068820 11  3 f   -     -     -        11363    0    0 
Golden    961068868 11  2 Bf  -     -     -        11363  200    0 
Golden    961068880 11  1 Bf  -     -     -        11163  100    0 
Golden    961068908 11 11 f   -     -     -        11063    0    0 
Golden    961068947 11 10 f   -     -     -        11063    0    0 
Golden    961069000 11  9 f   -     -     -        11063    0    0 
Golden    961069043 10  7 f   -     -     -        11063    0    0 
Golden    961069082 10  6 f   -     -     -        11063    0    0 
Golden    961069108  9  5 f   -     -     -        11063    0    0 
Golden    961069142  9  4 f   -     -     -        11063    0    0 
Golden    961069154  9  3 f   -     -     -        11063    0    0 
Golden    961069223  9  2 Bf  -     -     -        11063  400    0 
Golden    961069246  9  1 Bc  k     k     k        10663  400    0 6s Ac
Golden    961069295  9  9 f   -     -     -        10263    0    0 
Golden    961069312  9  8 f   -     -     -        10263    0    0 
Golden    961069335  9  7 f   -     -     -        10263    0    0 
Golden    961069365  8  5 f   -     -     -        10263    0    0 
Golden    961069404  8  5 f   -     -     -        10263    0    0 
Golden    961069416  8  4 cc  c     bA    -        10263 10263    0 9d Jd
Golden    961075872  9  8 f   -     -     -         5000    0    0 
Golden    961075922  9  7 f   -     -     -         5000    0    0 
Golden    961075981  9  6 f   -     -     -         5000    0    0 
Golden    961076025  9  5 f   -     -     -         5000    0    0 
Golden    961076059  9  4 ccc kf    -     -         5000  750    0 
Golden    961076126  9  3 f   -     -     -         4250    0    0 
Golden    961076170  8  2 Bc  k     b     k         4250 1150 2775 Kd Td
Golden    961076211  8  1 Bf  -     -     -         5875   50    0 
Golden    961076242  8  8 f   -     -     -         5825    0    0 
Golden    961076284  8  7 c   b     b     k         5825 1225 2700 9d Ac
Golden    961076353  8  6 cf  -     -     -         7300  100    0 
Golden    961076410  8  5 f   -     -     -         7200    0    0 
Golden    961076459  8  4 f   -     -     -         7200    0    0 
Golden    961076498  7  2 Bk  f     -     -         7200  100    0 
Golden    961076532  7  1 Bf  -     -     -         7100  100    0 
Golden    961076580  7  7 f   -     -     -         7000    0    0 
Golden    961076591  7  6 f   -     -     -         7000    0    0 
Golden    961076616  7  5 f   -     -     -         7000    0    0 
Golden    961076634  7  4 f   -     -     -         7000    0    0 
Golden    961076643  7  3 f   -     -     -         7000    0    0 
Golden    961076666  7  2 Bc  k     k     k         7000  975    0 Ts As
Golden    961076718  6  1 Bc  kf    -     -         6025  200    0 
Golden    961076742  6  6 c   b     c     f         5825 4200    0 
Golden    961076791  6  5 f   -     -     -         1625    0    0 
Golden    961076814  6  4 f   -     -     -         1625    0    0 
Golden    961076832  6  3 rcA -     -     -         1625 1625    0 5h 5d
Golden    961077440 10  9 f   -     -     -        10000    0    0 
Golden    961077493  9  7 r   bf    -     -        10000  600    0 
Golden    961077557  9  6 f   -     -     -         9400    0    0 
Golden    961077605  9  5 c   kf    -     -         9400   50    0 
Golden    961077669  9  4 f   -     -     -         9350    0    0 
Golden    961077731  9  3 f   -     -     -         9350    0    0 
Golden    961077807  9  2 Bf  -     -     -         9350  100    0 
Golden    961077874  9  1 Bc  k     kc    kf        9250  600    0 
Golden    961077931  9  9 f   -     -     -         8650    0    0 
Golden    961077968  9  8 f   -     -     -         8650    0    0 
Golden    961078010  9  7 f   -     -     -         8650    0    0 
Golden    961078054  9  6 c   c     c     c         8650 4300    0 4h Qs
Golden    961078097  9  5 f   -     -     -         4350    0    0 
Golden    961078136  9  4 cf  -     -     -         4350  100    0 
Golden    961078178  9  3 cc  kf    -     -         4250 1300    0 
Golden    961078217  8  2 Bk  k     kf    -         2950  200    0 
Golden    961078252  8  1 Bc  kf    -     -         2750  200    0 
Golden    961078293  8  8 c   f     -     -         2550  200    0 
Golden    961078357  8  7 f   -     -     -         2350    0    0 
Golden    961078409  8  6 c   c     cA    -         2350 2350    0 7s As
